  % Total    % Received % Xferd  Average Speed   Time    Time     Time  Current
                                 Dload  Upload   Total   Spent    Left  Speed
  0     0    0     0    0     0      0      0 --:--:-- --:--:-- --:--:--     0100   116    0     0  100   116      0     96  0:00:01  0:00:01 --:--:--    96100   116    0     0  100   116      0     52  0:00:02  0:00:02 --:--:--    52100   116    0     0  100   116      0     36  0:00:03  0:00:03 --:--:--    36100   116    0     0  100   116      0     27  0:00:04  0:00:04 --:--:--    27100   116    0     0  100   116      0     22  0:00:05  0:00:05 --:--:--    22100   116    0     0  100   116      0     18  0:00:06  0:00:06 --:--:--     0100   116    0     0  100   116      0     16  0:00:07  0:00:07 --:--:--     0100   116    0     0  100   116      0     14  0:00:08  0:00:08 --:--:--     0100   116    0     0  100   116      0     12  0:00:09  0:00:09 --:--:--     0100   116    0     0  100   116      0     11  0:00:10  0:00:10 --:--:--     0100   116    0     0  100   116      0     10  0:00:11  0:00:11 --:--:--     0100   116    0     0  100   116      0      9  0:00:12  0:00:12 --:--:--     0100   116    0     0  100   116      0      8  0:00:14  0:00:13  0:00:01     0100   116    0     0  100   116      0      8  0:00:14  0:00:14 --:--:--     0100   116    0     0  100   116      0      7  0:00:16  0:00:15  0:00:01     0100   116    0     0  100   116      0      7  0:00:16  0:00:16 --:--:--     0100   116    0     0  100   116      0      6  0:00:19  0:00:17  0:00:02     0100   116    0     0  100   116      0      6  0:00:19  0:00:18  0:00:01     0100   116    0     0  100   116      0      6  0:00:19  0:00:19 --:--:--     0100   116    0     0  100   116      0      5  0:00:23  0:00:20  0:00:03     0100   116    0     0  100   116      0      5  0:00:23  0:00:21  0:00:02     0100   116    0     0  100   116      0      5  0:00:23  0:00:22  0:00:01     0100   116    0     0  100   116      0      4  0:00:29  0:00:23  0:00:06     0100   116    0     0  100   116      0      4  0:00:29  0:00:24  0:00:05     0100   116    0     0  100   116      0      4  0:00:29  0:00:25  0:00:04     0100   116    0     0  100   116      0      4  0:00:29  0:00:26  0:00:03     0100   116    0     0  100   116      0      4  0:00:29  0:00:27  0:00:02     0100   116    0     0  100   116      0      4  0:00:29  0:00:28  0:00:01     0100   116    0     0  100   116      0      3  0:00:38  0:00:29  0:00:09     0 85   136    0     0  100   116      0      3  0:00:38  0:00:30  0:00:08     0100   136    0    20  100   116      0      3  0:00:38  0:00:30  0:00:08     0
{"error":"timeout"}
